TLC2 Version 2026.05.26.235334 (rev: 4ba7d88)
Warning: Please run the Java VM, which executes TLC with a throughput optimized garbage collector, by passing the "-XX:+UseParallelGC" property.
(Use the -nowarning option to disable this warning.)
Running breadth-first search Model-Checking with fp 71 and seed -2109271961356861497 with 1 worker on 16 cores with 30688MB heap and 64MB offheap memory [pid: 3808441] (Linux 6.8.12-18-pve amd64, Ubuntu 17.0.19 64bit, MSBDiskFPSet, DiskStateQueue).
Parsing file /root/Desktop/BioDevOps/si_scaling_sweep_2026/formal_verification_extended/tla/EvidenceMediatedGovernance.tla
Parsing file /tmp/tlc-16866052660564495199/Naturals.tla (jar:file:/root/Desktop/BioDevOps/formal_artifacts/tools/tla2tools.jar!/tla2sany/StandardModules/Naturals.tla)
Parsing file /tmp/tlc-16866052660564495199/FiniteSets.tla (jar:file:/root/Desktop/BioDevOps/formal_artifacts/tools/tla2tools.jar!/tla2sany/StandardModules/FiniteSets.tla)
Parsing file /tmp/tlc-16866052660564495199/TLC.tla (jar:file:/root/Desktop/BioDevOps/formal_artifacts/tools/tla2tools.jar!/tla2sany/StandardModules/TLC.tla)
Parsing file /tmp/tlc-16866052660564495199/_TLCTrace.tla (jar:file:/root/Desktop/BioDevOps/formal_artifacts/tools/tla2tools.jar!/tla2sany/StandardModules/_TLCTrace.tla)
Parsing file /tmp/tlc-16866052660564495199/Sequences.tla (jar:file:/root/Desktop/BioDevOps/formal_artifacts/tools/tla2tools.jar!/tla2sany/StandardModules/Sequences.tla)
Parsing file /tmp/tlc-16866052660564495199/TLCExt.tla (jar:file:/root/Desktop/BioDevOps/formal_artifacts/tools/tla2tools.jar!/tla2sany/StandardModules/TLCExt.tla)
Parsing file /tmp/tlc-16866052660564495199/Integers.tla (jar:file:/root/Desktop/BioDevOps/formal_artifacts/tools/tla2tools.jar!/tla2sany/StandardModules/Integers.tla)
Semantic processing of module Naturals
Semantic processing of module Sequences
Semantic processing of module FiniteSets
Semantic processing of module TLC
Semantic processing of module Integers
Semantic processing of module TLCExt
Semantic processing of module _TLCTrace
Semantic processing of module EvidenceMediatedGovernance
Linting of module TLCExt
Linting of module _TLCTrace
Linting of module EvidenceMediatedGovernance
Starting... (2026-08-03 23:08:43)
Implied-temporal checking--satisfiability problem has 5 branches.
Computing initial states...
Finished computing initial states: 1 distinct state generated at 2026-08-03 23:08:43.
Progress(12) at 2026-08-03 23:08:44: 1,230 states generated, 275 distinct states found, 0 states left on queue.
Checking 5 branches of temporal properties for the complete state space with 1375 total distinct states at (2026-08-03 23:08:44)
Finished checking temporal properties in 00s at 2026-08-03 23:08:44
Model checking completed. No error has been found.
  Estimates of the probability that TLC did not check all reachable states
  because two distinct states had the same fingerprint:
  calculated (optimistic):  val = 1.4E-14
1230 states generated, 275 distinct states found, 0 states left on queue.
The depth of the complete state graph search is 12.
The average outdegree of the complete state graph is 1 (minimum is 0, the maximum 6 and the 95th percentile is 4).
Finished in 00s at (2026-08-03 23:08:44)
